1          ***  THE FOLLOWING MESSAGES ARE THE RESULTS FROM THE 100-YR ELEVATION INTERPOLATION FOR THE TRANSECT:

             - Transect: 1 Date: 12/6/00                                                  
1


                               WAVE HEIGHT COMPUTATIONS FOR FLOOD INSURANCE STUDIES (VERSION 3.0, 9_88)
                                 - Transect: 1 Date: 12/6/00                                                  



                                                             PART1 INPUT

          IE    -23.000       .000     75.000      6.600     12.400     44.800     12.700       .000       .089       .000
          IF       .000      2.000       .000     12.400       .000       .000       .000       .000       .032       .000
          IF    225.000      8.000       .000     12.400       .000       .000       .000       .000       .026       .000
          IF    317.000     10.400       .000     12.400       .000       .000       .000       .000       .047       .000
          IF    319.000     12.400       .000     12.400       .000       .000       .000       .000       .952       .000
          AS    590.000     12.400      6.600     12.400       .000       .000       .000       .000      -.040       .000
          IF    650.000     10.000       .000     12.359       .000       .000       .000       .000      -.040       .000
          IF    700.000      8.000       .000     12.324       .000       .000       .000       .000       .000       .000
          IF   3500.000     10.400      6.600     10.400       .000       .000       .000       .000       .001       .000
          ET       .000       .000       .000       .000       .000       .000       .000       .000       .000       .000
1


            END        END      FETCH SURGE ELEV SURGE ELEV    INITIAL    INITIAL                BOTTOM    AVERAGE
        STATION  ELEVATION     LENGTH    10-YEAR   100-YEAR WAVE HEIGHT  W. PERIOD                SLOPE    A-ZONES
  IE    -23.000       .000     75.000      6.600     12.400     44.800     12.700       .000       .089       .000


            END        END  NEW SURGE  NEW SURGE                                                 BOTTOM    AVERAGE
        STATION  ELEVATION    10-YEAR   100-YEAR                                                  SLOPE    A-ZONES
  IF       .000      2.000       .000     12.400       .000       .000       .000       .000       .032       .000


            END        END  NEW SURGE  NEW SURGE                                                 BOTTOM    AVERAGE
        STATION  ELEVATION    10-YEAR   100-YEAR                                                  SLOPE    A-ZONES
  IF    225.000      8.000       .000     12.400       .000       .000       .000       .000       .026       .000


            END        END  NEW SURGE  NEW SURGE                                                 BOTTOM    AVERAGE
        STATION  ELEVATION    10-YEAR   100-YEAR                                                  SLOPE    A-ZONES
  IF    317.000     10.400       .000     12.400       .000       .000       .000       .000       .047       .000


            END        END  NEW SURGE  NEW SURGE                                                 BOTTOM    AVERAGE
        STATION  ELEVATION    10-YEAR   100-YEAR                                                  SLOPE    A-ZONES
  IF    319.000     12.400       .000     12.400       .000       .000       .000       .000       .952       .000


            END        END  NEW SURGE  NEW SURGE                                                 BOTTOM    AVERAGE
        STATION  ELEVATION    10-YEAR   100-YEAR                                                  SLOPE    A-ZONES
  AS    590.000     12.400      6.600     12.400       .000       .000       .000       .000      -.040       .000


            END        END  NEW SURGE  NEW SURGE                                                 BOTTOM    AVERAGE
        STATION  ELEVATION    10-YEAR   100-YEAR                                                  SLOPE    A-ZONES
  IF    650.000     10.000       .000     12.359       .000       .000       .000       .000      -.040       .000


            END        END  NEW SURGE  NEW SURGE                                                 BOTTOM    AVERAGE
        STATION  ELEVATION    10-YEAR   100-YEAR                                                  SLOPE    A-ZONES
  IF    700.000      8.000       .000     12.324       .000       .000       .000       .000       .000       .000


            END        END  NEW SURGE  NEW SURGE                                                 BOTTOM    AVERAGE
        STATION  ELEVATION    10-YEAR   100-YEAR                                                  SLOPE    A-ZONES
  IF   3500.000     10.400      6.600     10.400       .000       .000       .000       .000       .001       .000


  ------------------------------------------------END OF TRANSECT-------------------------------------------------


  NOTE:

  SURGE ELEVATION INCLUDES CONTRIBUTIONS FROM ASTRONOMICAL AND STORM TIDES.
1



                                                PART2: CONTROLLING WAVE HEIGHTS, SPECTRAL 
                                                       PEAK WAVE PERIOD, AND WAVE CREST ELEVATIONS

                                          LOCATION        CONTROLLING  SPECTRAL PEAK   WAVE CREST
                                                          WAVE HEIGHT  WAVE PERIOD     ELEVATION 

                                        IE     -23.00         9.45        12.70        19.01

                                        IF        .00         7.95        12.70        17.97

                                               101.25         5.92        12.70        16.54

                                               202.50         3.86        12.70        15.10

                                        IF     225.00         3.40        12.70        14.78

                                        IF     317.00         1.55        12.70        13.49

                                        IF     319.00          .01        12.70        12.41

                                        AS     590.00          .00          .00        12.40

                                        IF     650.00          .23          .57        12.52

                                        IF     700.00          .35          .69        12.57

                                               800.00          .54          .86        12.63

                                               900.00          .70          .97        12.67

                                              1000.00          .84         1.07        12.70

                                              1100.00          .96         1.15        12.72

                                              1200.00         1.07         1.22        12.73

                                              1300.00         1.17         1.28        12.73

                                              1400.00         1.25         1.34        12.72

                                              1600.00         1.35         1.44        12.65

                                              1800.00         1.37         1.53        12.53

                                              2200.00         1.24         1.67        12.16

                                              2600.00          .95         1.80        11.68

                                              2800.00          .77         1.85        11.42

                                              2900.00          .67         1.88        11.28

                                              3000.00          .56         1.91        11.14

                                              3100.00          .46         1.93        11.00

                                              3200.00          .35         1.96        10.85

                                              3300.00          .24         1.96        10.70

                                              3400.00          .12         1.96        10.55

                                        IF    3500.00          .01         1.96        10.41



                                        PART3 LOCATION OF AREAS ABOVE 100-YEAR SURGE

                                             BETWEEN    319.00 AND    590.00



                                                  PART4 LOCATION OF SURGE CHANGES

                                        STATION          10-YEAR SURGE          100-YEAR SURGE

                                        650.00                 6.60                12.36

                                        700.00                 6.60                12.32

                                       3500.00                 6.60                10.40



                                                       PART5  LOCATION OF V ZONES

                                             STATION OF GUTTER          LOCATION OF ZONE

                                                      245.07               WINDWARD



                                                   PART6 NUMBERED A ZONES AND V ZONES

                                        STATION OF GUTTER  ELEVATION  ZONE DESIGNATION   FHF


                                             -23.00          19.01

                                                                          V18  EL=19      90

                                             -11.70          18.50

                                                                          V18  EL=18      90

                                              33.25          17.50

                                                                          V18  EL=17      90

                                             104.29          16.50

                                                                          V18  EL=16      90

                                             174.65          15.50

                                                                          V18  EL=15      90

                                             245.07          14.50

                                                                          V18  EL=15      90

                                             245.07          14.50

                                                                          A11  EL=14      55

                                             316.14          13.50

                                                                          A11  EL=13      55

                                             318.83          12.50

                                                                          A11  EL=12      55

                                             319.00          12.41


                                             590.00          12.40

                                                                          A11  EL=12      55

                                             638.93          12.50

                                                                          A11  EL=13      55

                                             650.00          12.52

                                                                          A11  EL=13      55

                                             700.00          12.57

                                                                          A11  EL=13      55

                                            1830.73          12.50

                                                                          A11  EL=12      55

                                            2738.10          11.50

                                                                          A11  EL=11      55

                                            3435.49          10.50

                                                                          A11  EL=10      55

                                            3500.00          10.41



                                                  ZONE TERMINATED AT END OF TRANSECT
