1          ***  THE FOLLOWING MESSAGES ARE THE RESULTS FROM THE 100-YR ELEVATION INTERPOLATION FOR THE TRANSECT:

             - Transect: 2 Date: 12/21/00                                                 
1


                               WAVE HEIGHT COMPUTATIONS FOR FLOOD INSURANCE STUDIES (VERSION 3.0, 9_88)
                                 - Transect: 2 Date: 12/21/00                                                 



                                                             PART1 INPUT

          IE       .000       .000     75.000      6.600     12.400     44.800     12.700       .000       .067       .000
          IF     75.000      5.000       .000     12.400       .000       .000       .000       .000       .083       .000
          IF     84.000      7.000       .000     12.400       .000       .000       .000       .000       .029       .000
          IF    268.000     10.490       .000     12.400       .000       .000       .000       .000       .016       .000
          VH    275.000     10.000      2.000      1.000       .000      1.000       .000     12.400      -.019       .000
          MG       SPAT       .100       .000       .850    327.000       .000       .000       .000       .000       .000
          VH    400.000      8.000      2.000      1.000       .000      1.000       .000     12.400       .000       .000
          MG       SPAT       .100       .000       .850    327.000       .000       .000       .000       .000       .000
          VH   3500.000     10.400      2.000      1.000       .000      1.000       .000     12.400       .001       .000
          MG       SPAT       .100       .000       .850    327.000       .000       .000       .000       .000       .000
          ET       .000       .000       .000       .000       .000       .000       .000       .000       .000       .000
1


            END        END      FETCH SURGE ELEV SURGE ELEV    INITIAL    INITIAL                BOTTOM    AVERAGE
        STATION  ELEVATION     LENGTH    10-YEAR   100-YEAR WAVE HEIGHT  W. PERIOD                SLOPE    A-ZONES
  IE       .000       .000     75.000      6.600     12.400     44.800     12.700       .000       .067       .000


            END        END  NEW SURGE  NEW SURGE                                                 BOTTOM    AVERAGE
        STATION  ELEVATION    10-YEAR   100-YEAR                                                  SLOPE    A-ZONES
  IF     75.000      5.000       .000     12.400       .000       .000       .000       .000       .083       .000


            END        END  NEW SURGE  NEW SURGE                                                 BOTTOM    AVERAGE
        STATION  ELEVATION    10-YEAR   100-YEAR                                                  SLOPE    A-ZONES
  IF     84.000      7.000       .000     12.400       .000       .000       .000       .000       .029       .000


            END        END  NEW SURGE  NEW SURGE                                                 BOTTOM    AVERAGE
        STATION  ELEVATION    10-YEAR   100-YEAR                                                  SLOPE    A-ZONES
  IF    268.000     10.490       .000     12.400       .000       .000       .000       .000       .016       .000


            END        END              REGION 1                NO. OF  NEW SURGE  NEW SURGE     BOTTOM    AVERAGE
        STATION  ELEVATION   REGION 1     WEIGHT   REGION 2 PLANT TYPES   10-YEAR   100-YEAR      SLOPE    A-ZONES
  VH    275.000     10.000      2.000      1.000       .000      1.000       .000     12.400      -.019       .000


          PLANT       DRAG   COVERAGE  AVG. STEM     NUMBER  BASE STEM   MID STEM   TOP STEM   LEAF-STEM
           TYPE     COEFF.      RATIO     HEIGHT    DENSITY   DIAMETER   DIAMETER   DIAMETER  AREA RATIO
  MG       SPAT       .100       .000       .850    327.000       .000       .000       .000       .000       .000


  ----------------------------------------------------------------------------------------------------------------
                          PLANT CHARACTERISTICS INCLUDING VALUES SUPPLIED BY THE PROGRAM


          PLANT       DRAG   COVERAGE  AVG. STEM     NUMBER  BASE STEM   MID STEM   TOP STEM   LEAF-STEM
           TYPE     COEFF.      RATIO     HEIGHT    DENSITY   DIAMETER   DIAMETER   DIAMETER  AREA RATIO
           SPAT       .100      1.000       .850    327.000       .024       .012       .012      1.380


  ----------------------------------------------------------------------------------------------------------------


            END        END              REGION 1                NO. OF  NEW SURGE  NEW SURGE     BOTTOM    AVERAGE
        STATION  ELEVATION   REGION 1     WEIGHT   REGION 2 PLANT TYPES   10-YEAR   100-YEAR      SLOPE    A-ZONES
  VH    400.000      8.000      2.000      1.000       .000      1.000       .000     12.400       .000       .000


          PLANT       DRAG   COVERAGE  AVG. STEM     NUMBER  BASE STEM   MID STEM   TOP STEM   LEAF-STEM
           TYPE     COEFF.      RATIO     HEIGHT    DENSITY   DIAMETER   DIAMETER   DIAMETER  AREA RATIO
  MG       SPAT       .100       .000       .850    327.000       .000       .000       .000       .000       .000


  ----------------------------------------------------------------------------------------------------------------
                          PLANT CHARACTERISTICS INCLUDING VALUES SUPPLIED BY THE PROGRAM


          PLANT       DRAG   COVERAGE  AVG. STEM     NUMBER  BASE STEM   MID STEM   TOP STEM   LEAF-STEM
           TYPE     COEFF.      RATIO     HEIGHT    DENSITY   DIAMETER   DIAMETER   DIAMETER  AREA RATIO
           SPAT       .100      1.000       .850    327.000       .024       .012       .012      1.380


  ----------------------------------------------------------------------------------------------------------------


            END        END              REGION 1                NO. OF  NEW SURGE  NEW SURGE     BOTTOM    AVERAGE
        STATION  ELEVATION   REGION 1     WEIGHT   REGION 2 PLANT TYPES   10-YEAR   100-YEAR      SLOPE    A-ZONES
  VH   3500.000     10.400      2.000      1.000       .000      1.000       .000     12.400       .001       .000


          PLANT       DRAG   COVERAGE  AVG. STEM     NUMBER  BASE STEM   MID STEM   TOP STEM   LEAF-STEM
           TYPE     COEFF.      RATIO     HEIGHT    DENSITY   DIAMETER   DIAMETER   DIAMETER  AREA RATIO
  MG       SPAT       .100       .000       .850    327.000       .000       .000       .000       .000       .000


  ----------------------------------------------------------------------------------------------------------------
                          PLANT CHARACTERISTICS INCLUDING VALUES SUPPLIED BY THE PROGRAM


          PLANT       DRAG   COVERAGE  AVG. STEM     NUMBER  BASE STEM   MID STEM   TOP STEM   LEAF-STEM
           TYPE     COEFF.      RATIO     HEIGHT    DENSITY   DIAMETER   DIAMETER   DIAMETER  AREA RATIO
           SPAT       .100      1.000       .850    327.000       .024       .012       .012      1.380


  ----------------------------------------------------------------------------------------------------------------


  ------------------------------------------------END OF TRANSECT-------------------------------------------------


  NOTE:

  SURGE ELEVATION INCLUDES CONTRIBUTIONS FROM ASTRONOMICAL AND STORM TIDES.
1



                                                PART2: CONTROLLING WAVE HEIGHTS, SPECTRAL 
                                                       PEAK WAVE PERIOD, AND WAVE CREST ELEVATIONS

                                          LOCATION        CONTROLLING  SPECTRAL PEAK   WAVE CREST
                                                          WAVE HEIGHT  WAVE PERIOD     ELEVATION 

                                        IE        .00         9.45        12.70        19.01

                                        IF      75.00         5.69        12.70        16.38

                                        IF      84.00         4.17        12.70        15.32

                                               185.20         2.70        12.70        14.29

                                        IF     268.00         1.48        12.70        13.44

                                        VH     275.00         1.56        12.70        13.49

                                        VH     400.00         1.67        12.70        13.57

                                               550.00         1.88        12.70        13.72

                                               710.00         1.99        12.70        13.79

                                               870.00         2.02        12.70        13.81

                                              1190.00         2.01        12.70        13.80

                                              1830.00         1.89        12.70        13.72

                                              3110.00         1.58        12.70        13.51

                                        VH    3500.00         1.43        12.70        13.40
     TRANSMITTED WAVE HEIGHT AT LAST FETCH OR OBSTRUCTION = 1.43 WHICH EXCEEDS 0.5.



                                        PART3 LOCATION OF AREAS ABOVE 100-YEAR SURGE

                                        NO AREAS ABOVE 100-YEAR SURGE IN THIS TRANSECT



                                                  PART4 LOCATION OF SURGE CHANGES

                                        STATION          10-YEAR SURGE          100-YEAR SURGE

                                                  NO SURGE CHANGES IN THIS TRANSECT



                                                       PART5  LOCATION OF V ZONES

                                             STATION OF GUTTER          LOCATION OF ZONE

                                                      164.36               WINDWARD



                                                   PART6 NUMBERED A ZONES AND V ZONES

                                        STATION OF GUTTER  ELEVATION  ZONE DESIGNATION   FHF


                                                .00          19.01

                                                                          V18  EL=19      90

                                              14.65          18.50

                                                                          V18  EL=18      90

                                              43.17          17.50

                                                                          V18  EL=17      90

                                              71.69          16.50

                                                                          V18  EL=16      90

                                              82.47          15.50

                                                                          V18  EL=15      90

                                             164.36          14.50

                                                                          V18  EL=15      90

                                             164.36          14.50

                                                                          A14  EL=14      70

                                             262.06          13.50

                                                                          A14  EL=13      70

                                             292.59          13.50

                                                                          A14  EL=14      70

                                            3135.68          13.50

                                                                          A14  EL=13      70

                                            3500.00          13.40



                                                  ZONE TERMINATED AT END OF TRANSECT
