1          ***  THE FOLLOWING MESSAGES ARE THE RESULTS FROM THE 100-YR ELEVATION INTERPOLATION FOR THE TRANSECT:

             - Transect: 4 Date: 12/6/00                                                  
1


                               WAVE HEIGHT COMPUTATIONS FOR FLOOD INSURANCE STUDIES (VERSION 3.0, 9_88)
                                 - Transect: 4 Date: 12/6/00                                                  



                                                             PART1 INPUT

          IE      2.000      6.000     75.000      6.600     12.500     48.800     11.700       .000       .019       .000
          OF    109.000      8.000       .000     12.500       .000       .000       .000       .000       .024       .000
          OF    186.000     10.400       .000     12.500       .000       .000       .000       .000       .058       .000
          OF    187.000     12.500       .000     12.500       .000       .000       .000       .000      3.500       .000
          AS    628.000      7.000      6.600      7.000       .000       .000       .000       .000      -.113       .000
          IF    639.000      5.800       .000      7.000       .000       .000       .000       .000      -.025       .000
          IF    736.000      4.300       .000      7.000       .000       .000       .000       .000      -.011       .000
          IF    824.000      3.700       .000      7.000       .000       .000       .000       .000       .004       .000
          IF    897.000      5.000       .000      7.000       .000       .000       .000       .000       .023       .000
          IF    966.000      7.000       .000      7.000       .000       .000       .000       .000       .029       .000
          AS   1180.000      7.000      6.600      7.000       .000       .000       .000       .000      -.013       .000
          IF   1219.000      6.500       .000      7.000       .000       .000       .000       .000      -.016       .000
          IF   1302.000      5.000       .000      7.000       .000       .000       .000       .000      -.017       .000
          IF   1610.000       .000      6.600      7.000       .000       .000       .000       .000      -.016       .000
          ET       .000       .000       .000       .000       .000       .000       .000       .000       .000       .000
1


            END        END      FETCH SURGE ELEV SURGE ELEV    INITIAL    INITIAL                BOTTOM    AVERAGE
        STATION  ELEVATION     LENGTH    10-YEAR   100-YEAR WAVE HEIGHT  W. PERIOD                SLOPE    A-ZONES
  IE      2.000      6.000     75.000      6.600     12.500     48.800     11.700       .000       .019       .000


            END        END  NEW SURGE  NEW SURGE                                                 BOTTOM    AVERAGE
        STATION  ELEVATION    10-YEAR   100-YEAR                                                  SLOPE    A-ZONES
  OF    109.000      8.000       .000     12.500       .000       .000       .000       .000       .024       .000


            END        END  NEW SURGE  NEW SURGE                                                 BOTTOM    AVERAGE
        STATION  ELEVATION    10-YEAR   100-YEAR                                                  SLOPE    A-ZONES
  OF    186.000     10.400       .000     12.500       .000       .000       .000       .000       .058       .000


            END        END  NEW SURGE  NEW SURGE                                                 BOTTOM    AVERAGE
        STATION  ELEVATION    10-YEAR   100-YEAR                                                  SLOPE    A-ZONES
  OF    187.000     12.500       .000     12.500       .000       .000       .000       .000      3.500       .000


            END        END  NEW SURGE  NEW SURGE                                                 BOTTOM    AVERAGE
        STATION  ELEVATION    10-YEAR   100-YEAR                                                  SLOPE    A-ZONES
  AS    628.000      7.000      6.600      7.000       .000       .000       .000       .000      -.113       .000


            END        END  NEW SURGE  NEW SURGE                                                 BOTTOM    AVERAGE
        STATION  ELEVATION    10-YEAR   100-YEAR                                                  SLOPE    A-ZONES
  IF    639.000      5.800       .000      7.000       .000       .000       .000       .000      -.025       .000


            END        END  NEW SURGE  NEW SURGE                                                 BOTTOM    AVERAGE
        STATION  ELEVATION    10-YEAR   100-YEAR                                                  SLOPE    A-ZONES
  IF    736.000      4.300       .000      7.000       .000       .000       .000       .000      -.011       .000


            END        END  NEW SURGE  NEW SURGE                                                 BOTTOM    AVERAGE
        STATION  ELEVATION    10-YEAR   100-YEAR                                                  SLOPE    A-ZONES
  IF    824.000      3.700       .000      7.000       .000       .000       .000       .000       .004       .000


            END        END  NEW SURGE  NEW SURGE                                                 BOTTOM    AVERAGE
        STATION  ELEVATION    10-YEAR   100-YEAR                                                  SLOPE    A-ZONES
  IF    897.000      5.000       .000      7.000       .000       .000       .000       .000       .023       .000


            END        END  NEW SURGE  NEW SURGE                                                 BOTTOM    AVERAGE
        STATION  ELEVATION    10-YEAR   100-YEAR                                                  SLOPE    A-ZONES
  IF    966.000      7.000       .000      7.000       .000       .000       .000       .000       .029       .000


            END        END  NEW SURGE  NEW SURGE                                                 BOTTOM    AVERAGE
        STATION  ELEVATION    10-YEAR   100-YEAR                                                  SLOPE    A-ZONES
  AS   1180.000      7.000      6.600      7.000       .000       .000       .000       .000      -.013       .000


            END        END  NEW SURGE  NEW SURGE                                                 BOTTOM    AVERAGE
        STATION  ELEVATION    10-YEAR   100-YEAR                                                  SLOPE    A-ZONES
  IF   1219.000      6.500       .000      7.000       .000       .000       .000       .000      -.016       .000


            END        END  NEW SURGE  NEW SURGE                                                 BOTTOM    AVERAGE
        STATION  ELEVATION    10-YEAR   100-YEAR                                                  SLOPE    A-ZONES
  IF   1302.000      5.000       .000      7.000       .000       .000       .000       .000      -.017       .000


            END        END  NEW SURGE  NEW SURGE                                                 BOTTOM    AVERAGE
        STATION  ELEVATION    10-YEAR   100-YEAR                                                  SLOPE    A-ZONES
  IF   1610.000       .000      6.600      7.000       .000       .000       .000       .000      -.016       .000


  ------------------------------------------------END OF TRANSECT-------------------------------------------------


  NOTE:

  SURGE ELEVATION INCLUDES CONTRIBUTIONS FROM ASTRONOMICAL AND STORM TIDES.
1



                                                PART2: CONTROLLING WAVE HEIGHTS, SPECTRAL 
                                                       PEAK WAVE PERIOD, AND WAVE CREST ELEVATIONS

                                          LOCATION        CONTROLLING  SPECTRAL PEAK   WAVE CREST
                                                          WAVE HEIGHT  WAVE PERIOD     ELEVATION 

                                        IE       2.00         5.00        11.70        16.00

                                               103.65         3.55        11.70        14.99

                                        OF     109.00         3.47        11.70        14.93

                                        OF     186.00         1.63        11.70        13.64

                                        OF     187.00          .01        11.70        12.51

                                        AS     628.00          .00          .00         7.00

                                        IF     639.00          .08          .32         7.05

                                        IF     736.00          .35          .69         7.24

                                        IF     824.00          .51          .84         7.36

                                        IF     897.00          .62          .93         7.44

                                        IF     966.00          .01         1.00         7.01

                                        AS    1180.00          .00          .00         7.00

                                        IF    1219.00          .17          .49         7.12

                                        IF    1302.00          .37          .71         7.26

                                              1456.00          .64          .94         7.45

                                              1579.20          .82         1.06         7.58

                                        IF    1610.00          .86         1.09         7.61
     TRANSMITTED WAVE HEIGHT AT LAST FETCH OR OBSTRUCTION =  .86 WHICH EXCEEDS 0.5.



                                        PART3 LOCATION OF AREAS ABOVE 100-YEAR SURGE

                                             BETWEEN    187.00 AND    628.00

                                             BETWEEN    966.00 AND   1180.00



                                                  PART4 LOCATION OF SURGE CHANGES

                                        STATION          10-YEAR SURGE          100-YEAR SURGE

                                        628.00                 6.60                 7.00



                                                       PART5  LOCATION OF V ZONES

                                             STATION OF GUTTER          LOCATION OF ZONE

                                                      128.82               WINDWARD



                                                   PART6 NUMBERED A ZONES AND V ZONES

                                        STATION OF GUTTER  ELEVATION  ZONE DESIGNATION   FHF


                                               2.00          16.00

                                                                          V18  EL=16      90

                                              52.01          15.50

                                                                          V18  EL=15      90

                                             128.82          14.60

                                                                          A 2  EL=15      10

                                             134.78          14.50

                                                                          A 2  EL=14      10

                                             186.12          13.50

                                                                          A 2  EL=13      10

                                             187.00          12.51


                                             628.00           7.00

                                                                          A 2  EL= 7      10

                                             966.00           7.01


                                            1180.00           7.00

                                                                          A 2  EL= 7      10

                                            1504.63           7.50

                                                                          A 2  EL= 8      10

                                            1610.00           7.61



                                                  ZONE TERMINATED AT END OF TRANSECT
